Scanning HTML files for Amazon links...
Found 157 unique Amazon links. Verifying...
[1/157] Checking https://www.amazon.com/dp/B07YQ8Q21J?tag=myeverydaymat-20
[2/157] Checking https://www.amazon.com/s?k=Flame+Retardants+non+toxic+alternative&tag=myeverydaymat-20
[3/157] Checking https://www.amazon.com/dp/B002ZG86E8?tag=myeverydaymat-20
[4/157] Checking https://www.amazon.com/dp/B07FYPNFFS?tag=myeverydaymat-20
[5/157] Checking https://www.amazon.com/s?k=Pump+Spray+or+Roll-On&tag=myeverydaymat-20
[6/157] Checking https://www.amazon.com/s?k=LED+Bulbs&tag=myeverydaymat-20
[7/157] Checking https://www.amazon.com/s?k=Oxygen+Bleach+%28Sodium+Percarbonate%29+non+toxic+alternative&tag=myeverydaymat-20
[8/157] Checking https://www.amazon.com/s?k=Asbestos+%28Legacy%29+non+toxic+alternative&tag=myeverydaymat-20
[9/157] Checking https://www.amazon.com/s?k=Glyphosate+non+toxic+alternative&tag=myeverydaymat-20
[10/157] Checking https://www.amazon.com/s?k=Soy-Based+Paint+Stripper&tag=myeverydaymat-20
[11/157] Checking https://www.amazon.com/s?k=Formaldehyde+%28MDF%29+non+toxic+alternative&tag=myeverydaymat-20
[12/157] Checking https://www.amazon.com/s?k=Enzyme+Drain+Cleaner&tag=myeverydaymat-20
[13/157] Checking https://www.amazon.com/dp/B004WCXFKE?tag=myeverydaymat-20
[14/157] Checking https://www.amazon.com/s?k=Polyurethane+or+Stainless+Steel+Hoses&tag=myeverydaymat-20
[15/157] Checking https://www.amazon.com/dp/B016K43Q2A?tag=myeverydaymat-20
[16/157] Checking https://www.amazon.com/s?k=N%2FA+%E2%80%94+already+ideal&tag=myeverydaymat-20
[17/157] Checking https://www.amazon.com/dp/B00E6PUTQI?tag=myeverydaymat-20
[18/157] Checking https://www.amazon.com/dp/B08198JKFG?tag=myeverydaymat-20
[19/157] Checking https://www.amazon.com/s?k=Wool+Fire+Barrier+Mattress&tag=myeverydaymat-20
[20/157] Checking https://www.amazon.com/s?k=OEKO-TEX+Certified+Fabrics&tag=myeverydaymat-20
[21/157] Checking https://www.amazon.com/s?k=Boiling+Water+or+Vinegar+Solutions&tag=myeverydaymat-20
[22/157] Checking https://www.amazon.com/dp/B00L891FSC?tag=myeverydaymat-20
[23/157] Checking https://www.amazon.com/s?k=Natural+Wood+Chips&tag=myeverydaymat-20
[24/157] Checking https://www.amazon.com/dp/B0049EILDI?tag=myeverydaymat-20
[25/157] Checking https://www.amazon.com/s?k=CCA-Treated+Wood+non+toxic+alternative&tag=myeverydaymat-20
[26/157] Checking https://www.amazon.com/dp/B07722744G?tag=myeverydaymat-20
[27/157] Checking https://www.amazon.com/dp/B00462QP1G?tag=myeverydaymat-20
[28/157] Checking https://www.amazon.com/s?k=Cedar+or+Composite+Decking&tag=myeverydaymat-20
[29/157] Checking https://www.amazon.com/s?k=Ammonia+Screen+Cleaners+non+toxic+alternative&tag=myeverydaymat-20
[30/157] Checking https://www.amazon.com/s?k=Vinegar+and+Water&tag=myeverydaymat-20
[31/157] Checking https://www.amazon.com/s?k=Professional+Abatement&tag=myeverydaymat-20
[32/157] Checking https://www.amazon.com/dp/B08GF61K1R?tag=myeverydaymat-20
[33/157] Checking https://www.amazon.com/s?k=Hydrogen+Peroxide&tag=myeverydaymat-20
[34/157] Checking https://www.amazon.com/dp/B00008T960?tag=myeverydaymat-20
[35/157] Checking https://www.amazon.com/s?k=Microplastics+%28Laundry%29+non+toxic+alternative&tag=myeverydaymat-20
[36/157] Checking https://www.amazon.com/s?k=Battery-Electric+Mowers&tag=myeverydaymat-20
[37/157] Checking https://www.amazon.com/s?k=Test+Water+for+Lead&tag=myeverydaymat-20
[38/157] Checking https://www.amazon.com/dp/B07FMLG7K2?tag=myeverydaymat-20
[39/157] Checking https://www.amazon.com/dp/B07CSPG2GG?tag=myeverydaymat-20
[40/157] Checking https://www.amazon.com/dp/B000ON8ILG?tag=myeverydaymat-20
[41/157] Checking https://www.amazon.com/dp/B07C7NHS5Q?tag=myeverydaymat-20
[42/157] Checking https://www.amazon.com/s?k=Diatomaceous+Earth+%2F+Traps&tag=myeverydaymat-20
[43/157] Checking https://www.amazon.com/s?k=White+Vinegar+in+Rinse+Cycle&tag=myeverydaymat-20
[44/157] Checking https://www.amazon.com/dp/B0777L6G1B?tag=myeverydaymat-20
[45/157] Checking https://www.amazon.com/s?k=Mercury+%28CFL+Bulbs%29+non+toxic+alternative&tag=myeverydaymat-20
[46/157] Checking https://www.amazon.com/s?k=Reverse+Osmosis+Filters+non+toxic+alternative&tag=myeverydaymat-20
[47/157] Checking https://www.amazon.com/s?k=Aerosol+Propellants+non+toxic+alternative&tag=myeverydaymat-20
[48/157] Checking https://www.amazon.com/dp/B07772X5V7?tag=myeverydaymat-20
[49/157] Checking https://www.amazon.com/s?k=Guppyfriend+Wash+Bag&tag=myeverydaymat-20
[50/157] Checking https://www.amazon.com/s?k=Wool+Dryer+Balls&tag=myeverydaymat-20
[51/157] Checking https://www.amazon.com/s?k=Lead-Free+Certified+Ceramics&tag=myeverydaymat-20
[52/157] Checking https://www.amazon.com/dp/B00006JSUA?tag=myeverydaymat-20
[53/157] Checking https://www.amazon.com/s?k=Water+Softener+Salts+non+toxic+alternative&tag=myeverydaymat-20
[54/157] Checking https://www.amazon.com/s?k=Vinyl+%28PVC%29+Flooring+non+toxic+alternative&tag=myeverydaymat-20
[55/157] Checking https://www.amazon.com/s?k=Neem+Oil+or+Diatomaceous+Earth&tag=myeverydaymat-20
[56/157] Checking https://www.amazon.com/dp/B00004S9H4?tag=myeverydaymat-20
[57/157] Checking https://www.amazon.com/dp/B01B7M9L3Q?tag=myeverydaymat-20
[58/157] Checking https://www.amazon.com/dp/B00473X2D2?tag=myeverydaymat-20
[59/157] Checking https://www.amazon.com/dp/B00FKBR1ZG?tag=myeverydaymat-20
[60/157] Checking https://www.amazon.com/dp/B0BNW1RXXL?tag=myeverydaymat-20
[61/157] Checking https://www.amazon.com/s?k=Castile+Soap+Cleaner&tag=myeverydaymat-20
[62/157] Checking https://www.amazon.com/dp/B07W441M61?tag=myeverydaymat-20
[63/157] Checking https://www.amazon.com/dp/B07P63BFKJ?tag=myeverydaymat-20
[64/157] Checking https://www.amazon.com/s?k=Organic+Latex+or+Wool&tag=myeverydaymat-20
[65/157] Checking https://www.amazon.com/s?k=Low-VOC+%2F+Zero-VOC+Products&tag=myeverydaymat-20
[66/157] Checking https://www.amazon.com/s?k=Pesticides+%28Home+Use%29+non+toxic+alternative&tag=myeverydaymat-20
[67/157] Checking https://www.amazon.com/dp/B09YDQP4Q4?tag=myeverydaymat-20
[68/157] Checking https://www.amazon.com/dp/B09W264X7N?tag=myeverydaymat-20
[69/157] Checking https://www.amazon.com/dp/B0126LMDFK?tag=myeverydaymat-20
[70/157] Checking https://www.amazon.com/dp/B0BH8SGPW9?tag=myeverydaymat-20
[71/157] Checking https://www.amazon.com/s?k=Citronella+Candles+non+toxic+alternative&tag=myeverydaymat-20
[72/157] Checking https://www.amazon.com/s?k=Scented+Laundry+Beads+non+toxic+alternative&tag=myeverydaymat-20
[73/157] Checking https://www.amazon.com/s?k=Lead+in+Ceramics+non+toxic+alternative&tag=myeverydaymat-20
[74/157] Checking https://www.amazon.com/dp/B0000CF66W?tag=myeverydaymat-20
[75/157] Checking https://www.amazon.com/dp/B07Y34Y31B?tag=myeverydaymat-20
[76/157] Checking https://www.amazon.com/s?k=Radon+Mitigation+System&tag=myeverydaymat-20
[77/157] Checking https://www.amazon.com/s?k=Synthetic+Turf+non+toxic+alternative&tag=myeverydaymat-20
[78/157] Checking https://www.amazon.com/s?k=Hydrogen+Peroxide+Wipes&tag=myeverydaymat-20
[79/157] Checking https://www.amazon.com/dp/B09V233X46?tag=myeverydaymat-20
[80/157] Checking https://www.amazon.com/s?k=Phosphate-Free+Detergent&tag=myeverydaymat-20
[81/157] Checking https://www.amazon.com/s?k=Beeswax+Candles+or+Physical+Traps&tag=myeverydaymat-20
[82/157] Checking https://www.amazon.com/s?k=Chlorine+Bleach+non+toxic+alternative&tag=myeverydaymat-20
[83/157] Checking https://www.amazon.com/s?k=Gas+Mower+Exhaust+non+toxic+alternative&tag=myeverydaymat-20
[84/157] Checking https://www.amazon.com/dp/B0BN53M75V?tag=myeverydaymat-20
[85/157] Checking https://www.amazon.com/dp/B0BFBKZJNL?tag=myeverydaymat-20
[86/157] Checking https://www.amazon.com/s?k=PEX+Piping+non+toxic+alternative&tag=myeverydaymat-20
[87/157] Checking https://www.amazon.com/s?k=Fiberglass+%28Mattress%29+non+toxic+alternative&tag=myeverydaymat-20
[88/157] Checking https://www.amazon.com/s?k=Picaridin+or+Oil+of+Lemon+Eucalyptus&tag=myeverydaymat-20
[89/157] Checking https://www.amazon.com/s?k=Epoxy+Garage+Coatings+non+toxic+alternative&tag=myeverydaymat-20
[90/157] Checking https://www.amazon.com/dp/B079KDL9D8?tag=myeverydaymat-20
[91/157] Checking https://www.amazon.com/s?k=Quaternary+Ammonium+%28Quats%29+non+toxic+alternative&tag=myeverydaymat-20
[92/157] Checking https://www.amazon.com/dp/B00C0L05N2?tag=myeverydaymat-20
[93/157] Checking https://www.amazon.com/s?k=Dryer+Sheets+non+toxic+alternative&tag=myeverydaymat-20
[94/157] Checking https://www.amazon.com/dp/B001BKRSW0?tag=myeverydaymat-20
[95/157] Checking https://www.amazon.com/s?k=Methylene+Chloride+non+toxic+alternative&tag=myeverydaymat-20
[96/157] Checking https://www.amazon.com/s?k=Copper+Piping+Solder+non+toxic+alternative&tag=myeverydaymat-20
[97/157] Checking https://www.amazon.com/dp/B07L4QJ2H1?tag=myeverydaymat-20
  -> 404 Not Found!
[98/157] Checking https://www.amazon.com/dp/B00BQ59F54?tag=myeverydaymat-20
[99/157] Checking https://www.amazon.com/s?k=Caustic+Soda+%28Lye%29+non+toxic+alternative&tag=myeverydaymat-20
[100/157] Checking https://www.amazon.com/s?k=Rubber+Mulch+non+toxic+alternative&tag=myeverydaymat-20
[101/157] Checking https://www.amazon.com/dp/B0BX7C82L6?tag=myeverydaymat-20
[102/157] Checking https://www.amazon.com/dp/B002YUAM0Q?tag=myeverydaymat-20
[103/157] Checking https://www.amazon.com/dp/B0777K5958?tag=myeverydaymat-20
  -> 404 Not Found!
[104/157] Checking https://www.amazon.com/dp/B08226X95Q?tag=myeverydaymat-20
  -> 404 Not Found!
[105/157] Checking https://www.amazon.com/dp/B00EOGMJSC?tag=myeverydaymat-20
[106/157] Checking https://www.amazon.com/s?k=VOCs+%28Volatile+Organic+Compounds%29+non+toxic+alternative&tag=myeverydaymat-20
[107/157] Checking https://www.amazon.com/s?k=Washing+Soda&tag=myeverydaymat-20
[108/157] Checking https://www.amazon.com/s?k=Baking+Soda+non+toxic+alternative&tag=myeverydaymat-20
[109/157] Checking https://www.amazon.com/dp/B00B9W6934?tag=myeverydaymat-20
[110/157] Checking https://www.amazon.com/s?k=Ammonia+non+toxic+alternative&tag=myeverydaymat-20
[111/157] Checking https://www.amazon.com/dp/B07Y1P157Y?tag=myeverydaymat-20
[112/157] Checking https://www.amazon.com/dp/B0762G1QJ6?tag=myeverydaymat-20
[113/157] Checking https://www.amazon.com/dp/B00R5BXF4Y?tag=myeverydaymat-20
[114/157] Checking https://www.amazon.com/dp/B0CHKP8XFG?tag=myeverydaymat-20
[115/157] Checking https://www.amazon.com/dp/B0BFV6G48K?tag=myeverydaymat-20
[116/157] Checking https://www.amazon.com/s?k=Wool+Dryer+Balls+non+toxic+alternative&tag=myeverydaymat-20
[117/157] Checking https://www.amazon.com/dp/B00009B7NR?tag=myeverydaymat-20
[118/157] Checking https://www.amazon.com/dp/B0BNX3G34M?tag=myeverydaymat-20
[119/157] Checking https://www.amazon.com/s?k=Natural+Latex+Mattress&tag=myeverydaymat-20
[120/157] Checking https://www.amazon.com/s?k=Polyurethane+Foam+non+toxic+alternative&tag=myeverydaymat-20
[121/157] Checking https://www.amazon.com/dp/B07D2N2W2K?tag=myeverydaymat-20
[122/157] Checking https://www.amazon.com/s?k=2-Butoxyethanol+non+toxic+alternative&tag=myeverydaymat-20
[123/157] Checking https://www.amazon.com/dp/B004O6KXR4?tag=myeverydaymat-20
[124/157] Checking https://www.amazon.com/dp/B007R500K4?tag=myeverydaymat-20
[125/157] Checking https://www.amazon.com/dp/B0BT9F1P5P?tag=myeverydaymat-20
[126/157] Checking https://www.amazon.com/s?k=Wet+Cleaning+%2F+CO2+Cleaning&tag=myeverydaymat-20
[127/157] Checking https://www.amazon.com/dp/B07C16Y9L2?tag=myeverydaymat-20
[128/157] Checking https://www.amazon.com/s?k=Citrus-Based+Degreaser&tag=myeverydaymat-20
[129/157] Checking https://www.amazon.com/s?k=Interlocking+Rubber+Tiles&tag=myeverydaymat-20
[130/157] Checking https://www.amazon.com/s?k=Enzymatic+Stain+Removers+non+toxic+alternative&tag=myeverydaymat-20
[131/157] Checking https://www.amazon.com/s?k=Native+Groundcovers&tag=myeverydaymat-20
[132/157] Checking https://www.amazon.com/dp/B0BP4JVD6W?tag=myeverydaymat-20
[133/157] Checking https://www.amazon.com/s?k=DEET+Bug+Sprays+non+toxic+alternative&tag=myeverydaymat-20
[134/157] Checking https://www.amazon.com/dp/B08R41B9F1?tag=myeverydaymat-20
[135/157] Checking https://www.amazon.com/s?k=Solid+Wood+or+CARB-Certified+MDF&tag=myeverydaymat-20
[136/157] Checking https://www.amazon.com/s?k=Radon+Gas+non+toxic+alternative&tag=myeverydaymat-20
[137/157] Checking https://www.amazon.com/s?k=Propylene+Glycol+Antifreeze&tag=myeverydaymat-20
[138/157] Checking https://www.amazon.com/s?k=Copper+Piping&tag=myeverydaymat-20
[139/157] Checking https://www.amazon.com/dp/B0C1N1W3N8?tag=myeverydaymat-20
  -> 404 Not Found!
[140/157] Checking https://www.amazon.com/s?k=Potassium+Chloride+Alternatives&tag=myeverydaymat-20
[141/157] Checking https://www.amazon.com/s?k=PVC+Garden+Hoses+non+toxic+alternative&tag=myeverydaymat-20
[142/157] Checking https://www.amazon.com/dp/B0029JOC6I?tag=myeverydaymat-20
[143/157] Checking https://www.amazon.com/dp/B09KYGVBCN?tag=myeverydaymat-20
[144/157] Checking https://www.amazon.com/s?k=Trichloroethylene+%28TCE%29+non+toxic+alternative&tag=myeverydaymat-20
[145/157] Checking https://www.amazon.com/s?k=Borax+non+toxic+alternative&tag=myeverydaymat-20
[146/157] Checking https://www.amazon.com/dp/B0C1QNSVY8?tag=myeverydaymat-20
[147/157] Checking https://www.amazon.com/s?k=Hardwood+or+Tile&tag=myeverydaymat-20
[148/157] Checking https://www.amazon.com/dp/B0029J1JGU?tag=myeverydaymat-20
[149/157] Checking https://www.amazon.com/dp/B007STLBSY?tag=myeverydaymat-20
[150/157] Checking https://www.amazon.com/s?k=Antifreeze+non+toxic+alternative&tag=myeverydaymat-20
[151/157] Checking https://www.amazon.com/s?k=Distilled+Water+and+Microfiber&tag=myeverydaymat-20
[152/157] Checking https://www.amazon.com/dp/B071JMPFXX?tag=myeverydaymat-20
[153/157] Checking https://www.amazon.com/s?k=Perchloroethylene+%28PERC%29+non+toxic+alternative&tag=myeverydaymat-20
[154/157] Checking https://www.amazon.com/s?k=Azo+Dyes+non+toxic+alternative&tag=myeverydaymat-20
[155/157] Checking https://www.amazon.com/s?k=Neonicotinoids+non+toxic+alternative&tag=myeverydaymat-20
[156/157] Checking https://www.amazon.com/s?k=Phosphates+non+toxic+alternative&tag=myeverydaymat-20
[157/157] Checking https://www.amazon.com/dp/B00005AL46?tag=myeverydaymat-20

--- Summary ---
Found 4 broken links:
- https://www.amazon.com/dp/B07L4QJ2H1?tag=myeverydaymat-20
  in c:\Users\MDMTGC\Desktop\MyEverydayMaterials\MyEverydayMaterials\nursery\fiberglass-mattress-covers.html
- https://www.amazon.com/dp/B0777K5958?tag=myeverydaymat-20
  in c:\Users\MDMTGC\Desktop\MyEverydayMaterials\MyEverydayMaterials\nursery\baby-wipe-preservatives.html
- https://www.amazon.com/dp/B08226X95Q?tag=myeverydaymat-20
  in c:\Users\MDMTGC\Desktop\MyEverydayMaterials\MyEverydayMaterials\nursery\medical-grade-silicone-pacifiers.html
- https://www.amazon.com/dp/B0C1N1W3N8?tag=myeverydaymat-20
  in c:\Users\MDMTGC\Desktop\MyEverydayMaterials\MyEverydayMaterials\nursery\car-seat-flame-retardants.html
